============================= test session starts =============================
platform win32 -- Python 3.10.11, pytest-8.2.2, pluggy-1.6.0
rootdir: C:\Users\ss\Desktop\New folder\backend
configfile: pytest.ini
testpaths: tests
plugins: anyio-4.14.1
collected 12 items

tests\test_deploy.py ..                                                  [ 16%]
tests\test_git_service.py ..                                             [ 33%]
tests\test_production_prompt.py .                                        [ 41%]
tests\test_reasoning_engine.py .....                                     [ 83%]
tests\test_scanner.py ..                                                 [100%]

============================= 12 passed in 18.99s =============================
